==== ZAN RUNTIME (soft) ====
exe=<unknown>
2026-09-13 11:46:45 soft runtime error: selfhost/kernel6.zan:14:9: runtime error: division by zero

2026-09-13 11:46:45 soft runtime error: selfhost/kernel6.zan:15:9: runtime error: division by zero (modulo)

2026-09-13 11:46:47 soft runtime error: selfhost/kernel10.zan:26:14: runtime error: array index out of bounds

2026-09-13 11:46:47 soft runtime error: selfhost/kernel10.zan:28:28: runtime error: array index out of bounds

2026-09-13 12:04:49 soft runtime error: selfhost/kernel6.zan:14:9: runtime error: division by zero

2026-09-13 12:04:49 soft runtime error: selfhost/kernel6.zan:15:9: runtime error: division by zero (modulo)

2026-09-13 12:04:50 soft runtime error: selfhost/kernel10.zan:26:14: runtime error: array index out of bounds

2026-09-13 12:04:50 soft runtime error: selfhost/kernel10.zan:28:28: runtime error: array index out of bounds

2026-09-13 12:14:57 soft runtime error: selfhost/kernel6.zan:14:9: runtime error: division by zero

2026-09-13 12:14:57 soft runtime error: selfhost/kernel6.zan:15:9: runtime error: division by zero (modulo)

2026-09-13 12:14:58 soft runtime error: selfhost/kernel10.zan:26:14: runtime error: array index out of bounds

2026-09-13 12:14:58 soft runtime error: selfhost/kernel10.zan:28:28: runtime error: array index out of bounds

2026-09-13 12:17:53 soft runtime error: selfhost/kernel6.zan:14:9: runtime error: division by zero

2026-09-13 12:17:53 soft runtime error: selfhost/kernel6.zan:15:9: runtime error: division by zero (modulo)

2026-09-13 12:17:54 soft runtime error: selfhost/kernel10.zan:26:14: runtime error: array index out of bounds

2026-09-13 12:17:54 soft runtime error: selfhost/kernel10.zan:28:28: runtime error: array index out of bounds

2026-09-13 12:31:12 soft runtime error: selfhost/kernel6.zan:14:9: runtime error: division by zero

2026-09-13 12:31:12 soft runtime error: selfhost/kernel6.zan:15:9: runtime error: division by zero (modulo)

2026-09-13 12:31:13 soft runtime error: selfhost/kernel10.zan:26:14: runtime error: array index out of bounds

2026-09-13 12:31:13 soft runtime error: selfhost/kernel10.zan:28:28: runtime error: array index out of bounds

2026-09-13 12:31:28 soft runtime error: selfhost/kernel6.zan:14:9: runtime error: division by zero

2026-09-13 12:31:28 soft runtime error: selfhost/kernel6.zan:15:9: runtime error: division by zero (modulo)

2026-09-13 12:31:29 soft runtime error: selfhost/kernel10.zan:26:14: runtime error: array index out of bounds

2026-09-13 12:31:29 soft runtime error: selfhost/kernel10.zan:28:28: runtime error: array index out of bounds

2026-09-13 12:40:39 soft runtime error: selfhost/kernel10.zan:26:14: runtime error: array index out of bounds

2026-09-13 12:40:39 soft runtime error: selfhost/kernel10.zan:28:28: runtime error: array index out of bounds

2026-09-13 12:40:45 soft runtime error: selfhost/kernel6.zan:14:9: runtime error: division by zero

2026-09-13 12:40:45 soft runtime error: selfhost/kernel6.zan:15:9: runtime error: division by zero (modulo)

2026-09-13 13:01:21 soft runtime error: selfhost/kernel10.zan:26:14: runtime error: array index out of bounds

2026-09-13 13:01:21 soft runtime error: selfhost/kernel10.zan:28:28: runtime error: array index out of bounds

2026-09-13 13:01:28 soft runtime error: selfhost/kernel6.zan:14:9: runtime error: division by zero

2026-09-13 13:01:28 soft runtime error: selfhost/kernel6.zan:15:9: runtime error: division by zero (modulo)

2026-09-13 13:01:36 soft runtime error: selfhost/ngen.zan:2234:34: runtime error: list index out of bounds

2026-09-13 13:01:36 soft runtime error: selfhost/ngen.zan:2234:34: runtime error: list index out of bounds

2026-09-13 13:02:43 soft runtime error: selfhost/ngen.zan:2234:34: runtime error: list index out of bounds

2026-09-13 13:02:43 soft runtime error: selfhost/ngen.zan:2234:34: runtime error: list index out of bounds

2026-09-13 13:09:40 soft runtime error: selfhost/kernel10.zan:26:14: runtime error: array index out of bounds

2026-09-13 13:09:40 soft runtime error: selfhost/kernel10.zan:28:28: runtime error: array index out of bounds

2026-09-13 13:09:46 soft runtime error: selfhost/kernel6.zan:14:9: runtime error: division by zero

2026-09-13 13:09:46 soft runtime error: selfhost/kernel6.zan:15:9: runtime error: division by zero (modulo)

2026-09-13 13:09:58 soft runtime error: selfhost/ngen.zan:2286:34: runtime error: list index out of bounds

2026-09-13 13:09:58 soft runtime error: selfhost/ngen.zan:2286:34: runtime error: list index out of bounds

2026-09-13 13:10:10 soft runtime error: selfhost/ngen.zan:2286:34: runtime error: list index out of bounds

2026-09-13 13:10:10 soft runtime error: selfhost/ngen.zan:2286:34: runtime error: list index out of bounds

2026-09-13 13:13:18 soft runtime error: selfhost/kernel10.zan:26:14: runtime error: array index out of bounds

2026-09-13 13:13:18 soft runtime error: selfhost/kernel10.zan:28:28: runtime error: array index out of bounds

2026-09-13 13:13:24 soft runtime error: selfhost/kernel6.zan:14:9: runtime error: division by zero

2026-09-13 13:13:24 soft runtime error: selfhost/kernel6.zan:15:9: runtime error: division by zero (modulo)

2026-09-13 13:13:27 soft runtime error: selfhost/ngen.zan:2291:34: runtime error: list index out of bounds

2026-09-13 13:13:27 soft runtime error: selfhost/ngen.zan:2291:34: runtime error: list index out of bounds

2026-09-13 13:27:07 soft runtime error: selfhost/kernel10.zan:26:14: runtime error: array index out of bounds

2026-09-13 13:27:07 soft runtime error: selfhost/kernel10.zan:28:28: runtime error: array index out of bounds

2026-09-13 13:27:13 soft runtime error: selfhost/kernel6.zan:14:9: runtime error: division by zero

2026-09-13 13:27:13 soft runtime error: selfhost/kernel6.zan:15:9: runtime error: division by zero (modulo)

2026-09-13 13:27:16 soft runtime error: selfhost/ngen.zan:659:17: runtime error: null reference: receiver 'locName' is null

2026-09-13 13:27:16 soft runtime error: selfhost/ngen.zan:2338:34: runtime error: list index out of bounds

2026-09-13 13:27:16 soft runtime error: selfhost/ngen.zan:2338:34: runtime error: list index out of bounds

2026-09-13 13:31:27 soft runtime error: selfhost/kernel10.zan:26:14: runtime error: array index out of bounds

2026-09-13 13:31:27 soft runtime error: selfhost/kernel10.zan:28:28: runtime error: array index out of bounds

2026-09-13 13:31:33 soft runtime error: selfhost/kernel6.zan:14:9: runtime error: division by zero

2026-09-13 13:31:33 soft runtime error: selfhost/kernel6.zan:15:9: runtime error: division by zero (modulo)

2026-09-13 13:31:36 soft runtime error: selfhost/ngen.zan:659:17: runtime error: null reference: receiver 'locName' is null

2026-09-13 13:31:36 soft runtime error: selfhost/ngen.zan:2373:34: runtime error: list index out of bounds

2026-09-13 13:31:36 soft runtime error: selfhost/ngen.zan:2373:34: runtime error: list index out of bounds

2026-09-13 13:32:01 soft runtime error: selfhost/kernel10.zan:26:14: runtime error: array index out of bounds

2026-09-13 13:32:01 soft runtime error: selfhost/kernel10.zan:28:28: runtime error: array index out of bounds

2026-09-13 13:32:08 soft runtime error: selfhost/kernel6.zan:14:9: runtime error: division by zero

2026-09-13 13:32:08 soft runtime error: selfhost/kernel6.zan:15:9: runtime error: division by zero (modulo)

