==== ZAN RUNTIME (soft) ====
exe=<unknown>
2026-09-14 00:53:31 soft runtime error: selfhost/kernel10.zan:26:14: runtime error: array index out of bounds

2026-09-14 00:53:31 soft runtime error: selfhost/kernel10.zan:28:28: runtime error: array index out of bounds

2026-09-14 00:53:38 soft runtime error: selfhost/kernel6.zan:14:9: runtime error: division by zero

2026-09-14 00:53:38 soft runtime error: selfhost/kernel6.zan:15:9: runtime error: division by zero (modulo)

2026-09-14 00:54:30 soft runtime error: Chart/ChartView.zan:797:30: runtime error: null reference where a string/byte buffer is required (length probe)

2026-09-14 00:55:04 soft runtime error: Chart/ChartView.zan:797:30: runtime error: null reference where a string/byte buffer is required (length probe)

2026-09-14 00:55:56 soft runtime error: conformance/cs_b14_checked.zan:12:27: runtime error: integer overflow in checked operation

2026-09-14 00:55:56 soft runtime error: conformance/cs_b14_checked.zan:18:23: runtime error: integer overflow in checked operation

2026-09-14 00:56:20 soft runtime error: conformance/div_overflow_min1.zan:26:21: runtime error: division by zero

2026-09-14 00:56:20 soft runtime error: conformance/div_overflow_min1.zan:28:22: runtime error: division by zero (modulo)

2026-09-14 00:56:20 soft runtime error: conformance/div_overflow_min1.zan:26:9: runtime error: division by zero

2026-09-14 00:56:20 soft runtime error: conformance/div_overflow_min1.zan:28:9: runtime error: division by zero (modulo)

2026-09-14 00:56:54 soft runtime error: selfhost/ngen.zan:755:17: runtime error: null reference: receiver 'locName' is null

2026-09-14 00:56:55 soft runtime error: selfhost/ngen.zan:2829:34: runtime error: list index out of bounds

2026-09-14 00:56:56 soft runtime error: selfhost/ngen.zan:2829:34: runtime error: list index out of bounds

2026-09-14 00:58:34 soft runtime error: conformance/null_string_index.zan:13:28: runtime error: null reference where a string/byte buffer is required (length probe)

2026-09-14 00:58:34 soft runtime error: conformance/null_string_index.zan:14:28: runtime error: null reference where a string/byte buffer is required (element access)

2026-09-14 00:58:34 soft runtime error: conformance/null_string_index.zan:13:9: runtime error: null reference where a string is required

2026-09-14 00:58:34 soft runtime error: conformance/null_string_index.zan:14:28: runtime error: null reference where a string is required

2026-09-14 00:59:10 soft runtime error: Redis/RedisClient.zan:338:30: runtime error: null reference where an object is required (member access)

2026-09-14 01:02:01 soft runtime error: conformance/win_taskscheduler_smoke.zan:25:43: runtime error: list index out of bounds

2026-09-14 00:59 slice 34: struct methods + nested types + out/ref args + enum TryParse
- root cause of "struct ctors produce 0": ngen.zan Gen() collected methods only for
  AK.ClassDecl, so every struct had zero ctors (GenNew fell into the silent bare-alloc
  branch) and zero instance methods. Structs now collect like classes.
- nested type decls: ParseMember now dispatches class/struct/interface/enum members
  (it used to swallow the keyword into a garbage type ref), and FlattenNested hoists
  nested types to unit top level under their simple names, mirroring gen0's
  zan_parser_flatten_nested_types (recursion-first, order-preserving).
- out/ref arguments: parser keeps the full place expression (`out b.a`, `out arr[i]`,
  `out lst[i]`, `out Box.sv`); `out Foo x` declarations still parse as decl+name.
  ngen GenRefArg/AddrOf resolve real addresses (gen0 emit_ref_arg contract): frame
  slot, byref passthrough, this.field, static slot, member chains, array/List element
  with the same bounds guards as the stores. by-ref param slots are flagged (locRef)
  and every read/write/postfix goes through the pointer.
- EnumType.TryParse lowered in ngen (strcmp probe over the declaration-order member
  names; hit stores the constant through the out address, miss stores default(T)).
- ExprCls gained a MemberAccess case so field chains (x.next.n) resolve types.
- bootstrap fixed point 6,418,750 bytes; kernels 27/27; EH 40x2 + spin2 12/12 green;
  conformance sweep 81 -> 89 of 537 (out_param_lvalue/field/string_ownership,
  enum_static, default_parameters + struct-method tests now pass).
- known residual: value_structs still fails on real value semantics (p2 = p1 must
  copy); that is its own slice (assignment/pass/return copies + List slot packing).
